C51 COMPILER V9.01   MAIN                                                                  11/12/2018 09:42:29 PAGE 1   


C51 COMPILER V9.01, COMPILATION OF MODULE MAIN
OBJECT MODULE PLACED IN main.OBJ
COMPILER INVOKED BY: C:\Keil_v5\C51\BIN\C51.EXE main.c LARGE OPTIMIZE(0,SPEED) BROWSE DEBUG OBJECTEXTEND TABS(2)

line level    source

   1          /**************************************************************************************
   2          *            步进电机                     *
   3          实现现象：下载程序输入正确密码，会听到继电器吸合的声音
   4          硬件连接：
   5                     P0 -->矩阵键盘
   6                     DOUT = P3^7;   //输出
   7                     CLK  = P3^6;   //时钟
   8                     DIN  = P3^4;   //输入
   9                     CS   = P3^5;   //片选
  10                     P10   = INA
  11                     P11  =  INB
  12                     P12  =  INC
  13                     P13  =  INB
  14                     
  15                     OUT A+ A- B+ B-  连接电机  
  16                     
  17                     矩阵键盘：
  18                     0      1      2       3
  19                     
  20                     4      5      6       7
  21                     
  22                    
  23          注意事项：无                                          
  24          ***************************************************************************************/
  25          
  26          #include "reg52.h"           //此文件中定义了单片机的一些特殊功能寄存器
  27          #include "lcd.h"
  28          #include "key.h"
  29          #include "XPT2046.h"
  30          #include "42Motor.h"
  31          
  32          #define u16 unsigned int    //对数据类型进行声明定义
  33          #define u8 unsigned char
  34          
  35          
  36          /*****************************************************************************/
  37          void Display_rate();
  38          /**************************************************************************
  39          
  40          /*****************************************************************************/
  41          
  42          u8 key_num;
  43          u16 speed;
  44          /*******************************************************************************/
  45          bit dir,m_run;
  46          
  47          
  48          /*******************************************************************************
  49          * 函 数 名       : main
  50          * 函数功能     : 主函数
  51          * 输    入       : 无
  52          * 输    出       : 无
  53          *******************************************************************************/
  54          void main()
  55          { 
C51 COMPILER V9.01   MAIN                                                                  11/12/2018 09:42:29 PAGE 2   

  56   1      
  57   1      
  58   1      
  59   1        
  60   1        while(1)
  61   1              { 
  62   2                    key_num=KeyDown();                    //读取键值
  63   2                    switch(key_num)
  64   2                      {
  65   3                        case 0: m_run=~m_run; break;    //开/关
  66   3                        case 1: dir=0;        break;    //正转
  67   3                        case 2: dir=1;        break;    //反转
  68   3                      }
  69   2                
  70   2                    speed=Read_AD_Data(0x94)/4;       //取ad值
  71   2                    if(speed>200)      speed-=200;     
  72   2                    else               speed=1;        //
  73   2                      
  74   2                    if(m_run)           Motor_Run(dir,speed);  //电机运行
  75   2              
  76   2              } 
  77   1              
  78   1      }
  79                    
  80          /*****************************************************************************/
  81          /*32*/
  82          /*******************************************************************************/


MODULE INFORMATION:   STATIC OVERLAYABLE
   CODE SIZE        =    136    ----
   CONSTANT SIZE    =   ----    ----
   XDATA SIZE       =      3    ----
   PDATA SIZE       =   ----    ----
   DATA SIZE        =   ----    ----
   IDATA SIZE       =   ----    ----
   BIT SIZE         =      2    ----
END OF MODULE INFORMATION.


C51 COMPILATION COMPLETE.  0 WARNING(S),  0 ERROR(S)
